<?xml version="1.0" encoding="UTF-8"?>
<TestRun id="41679909-8f6a-4195-81d5-d40abf2cf489" name="jmorgan@DEV01JMORG01 2015-04-24 14:17:21" runUser="EIDPASSPORT\jmorgan" xmlns="http://microsoft.com/schemas/VisualStudio/TeamTest/2010">
  <TestSettings name="Local" id="be5d11af-06aa-4864-b8a1-69492091424a">
    <Description>These are default test settings for a local test run.</Description>
    <Deployment enabled="false" runDeploymentRoot="jmorgan_DEV01JMORG01 2015-04-24 14_17_21">
      <DeploymentItem filename="C:\Users\jmorgan\documents\visual studio 2010\Projects\NUnitTests\NUnitTests\bin\Debug\NUnitTests.dll" />
    </Deployment>
    <Execution>
      <TestTypeSpecific />
      <AgentRule name="Execution Agents">
      </AgentRule>
    </Execution>
  </TestSettings>
  <Times creation="2015-04-24T14:17:21.3664180-07:00" queuing="2015-04-24T14:17:21.4064176-07:00" start="2015-04-24T14:17:21.4064176-07:00" finish="2015-04-24T14:17:21.5764159-07:00" />
  <ResultSummary outcome="Failed">
    <Counters total="4" executed="4" passed="3" error="0" failed="1" timeout="0" aborted="0" inconclusive="0" passedButRunAborted="0" notRunnable="0" notExecuted="0" disconnected="0" warning="0" completed="0" inProgress="0" pending="0" />
  </ResultSummary>
  <TestDefinitions>
    <UnitTest name="CheckMuliplication" storage="c:\users\jmorgan\documents\visual studio 2010\projects\nunittests\unittests\bin\debug\unittests.dll" id="284fd23e-2910-924f-7fdc-5693cf8e0c20">
      <Execution id="6e90152b-0832-484a-a477-17bc3547a291" />
      <TestMethod codeBase="C:/Users/jmorgan/documents/visual studio 2010/Projects/NUnitTests/UnitTests/bin/Debug/UnitTests.DLL" adapterTypeName="Microsoft.VisualStudio.TestTools.TestTypes.Unit.UnitTestAdapter, Microsoft.VisualStudio.QualityTools.Tips.UnitTest.Adapter, Version=10.0.0.0, Culture=neutral, PublicKeyToken=b03f5f7f11d50a3a" className="UnitTests.UnitTest1, UnitTests, Version=1.0.0.0, Culture=neutral, PublicKeyToken=null" name="CheckMuliplication" />
    </UnitTest>
    <UnitTest name="CheckAddition" storage="c:\users\jmorgan\documents\visual studio 2010\projects\nunittests\unittests\bin\debug\unittests.dll" id="f741987b-c5cb-cbe2-b71d-9819c6b91b49">
      <Execution id="f6e54628-fcad-45ce-a454-d5f373407f0e" />
      <TestMethod codeBase="C:/Users/jmorgan/documents/visual studio 2010/Projects/NUnitTests/UnitTests/bin/Debug/UnitTests.DLL" adapterTypeName="Microsoft.VisualStudio.TestTools.TestTypes.Unit.UnitTestAdapter, Microsoft.VisualStudio.QualityTools.Tips.UnitTest.Adapter, Version=10.0.0.0, Culture=neutral, PublicKeyToken=b03f5f7f11d50a3a" className="UnitTests.UnitTest1, UnitTests, Version=1.0.0.0, Culture=neutral, PublicKeyToken=null" name="CheckAddition" />
    </UnitTest>
    <UnitTest name="CheckDivision" storage="c:\users\jmorgan\documents\visual studio 2010\projects\nunittests\unittests\bin\debug\unittests.dll" id="e39e966b-3fb4-7481-d225-9e9dc26a9d7a">
      <Execution id="4e7758c9-f671-4eff-8344-c33a197def9b" />
      <TestMethod codeBase="C:/Users/jmorgan/documents/visual studio 2010/Projects/NUnitTests/UnitTests/bin/Debug/UnitTests.DLL" adapterTypeName="Microsoft.VisualStudio.TestTools.TestTypes.Unit.UnitTestAdapter, Microsoft.VisualStudio.QualityTools.Tips.UnitTest.Adapter, Version=10.0.0.0, Culture=neutral, PublicKeyToken=b03f5f7f11d50a3a" className="UnitTests.UnitTest1, UnitTests, Version=1.0.0.0, Culture=neutral, PublicKeyToken=null" name="CheckDivision" />
    </UnitTest>
    <UnitTest name="CheckSubtraction" storage="c:\users\jmorgan\documents\visual studio 2010\projects\nunittests\unittests\bin\debug\unittests.dll" id="4c11abdd-e8e6-b041-f203-e6261fe454f8">
      <Execution id="a951b1dd-6060-408d-95a4-4275379e47e3" />
      <TestMethod codeBase="C:/Users/jmorgan/documents/visual studio 2010/Projects/NUnitTests/UnitTests/bin/Debug/UnitTests.DLL" adapterTypeName="Microsoft.VisualStudio.TestTools.TestTypes.Unit.UnitTestAdapter, Microsoft.VisualStudio.QualityTools.Tips.UnitTest.Adapter, Version=10.0.0.0, Culture=neutral, PublicKeyToken=b03f5f7f11d50a3a" className="UnitTests.UnitTest1, UnitTests, Version=1.0.0.0, Culture=neutral, PublicKeyToken=null" name="CheckSubtraction" />
    </UnitTest>
  </TestDefinitions>
  <TestLists>
    <TestList name="Results Not in a List" id="8c84fa94-04c1-424b-9868-57a2d4851a1d" />
    <TestList name="All Loaded Results" id="19431567-8539-422a-85d7-44ee4e166bda" />
  </TestLists>
  <TestEntries>
    <TestEntry testId="284fd23e-2910-924f-7fdc-5693cf8e0c20" executionId="6e90152b-0832-484a-a477-17bc3547a291" testListId="8c84fa94-04c1-424b-9868-57a2d4851a1d" />
    <TestEntry testId="4c11abdd-e8e6-b041-f203-e6261fe454f8" executionId="a951b1dd-6060-408d-95a4-4275379e47e3" testListId="8c84fa94-04c1-424b-9868-57a2d4851a1d" />
    <TestEntry testId="e39e966b-3fb4-7481-d225-9e9dc26a9d7a" executionId="4e7758c9-f671-4eff-8344-c33a197def9b" testListId="8c84fa94-04c1-424b-9868-57a2d4851a1d" />
    <TestEntry testId="f741987b-c5cb-cbe2-b71d-9819c6b91b49" executionId="f6e54628-fcad-45ce-a454-d5f373407f0e" testListId="8c84fa94-04c1-424b-9868-57a2d4851a1d" />
  </TestEntries>
  <Results>
    <UnitTestResult executionId="6e90152b-0832-484a-a477-17bc3547a291" testId="284fd23e-2910-924f-7fdc-5693cf8e0c20" testName="CheckMuliplication" computerName="DEV01JMORG01" duration="00:00:00.0100254" startTime="2015-04-24T14:17:21.4164175-07:00" endTime="2015-04-24T14:17:21.5364163-07:00" testType="13cdc9d9-ddb5-4fa4-a97d-d965ccfc6d4b" outcome="Passed" testListId="8c84fa94-04c1-424b-9868-57a2d4851a1d" relativeResultsDirectory="6e90152b-0832-484a-a477-17bc3547a291">
    </UnitTestResult>
    <UnitTestResult executionId="a951b1dd-6060-408d-95a4-4275379e47e3" testId="4c11abdd-e8e6-b041-f203-e6261fe454f8" testName="CheckSubtraction" computerName="DEV01JMORG01" duration="00:00:00.0091102" startTime="2015-04-24T14:17:21.5464162-07:00" endTime="2015-04-24T14:17:21.5564161-07:00" testType="13cdc9d9-ddb5-4fa4-a97d-d965ccfc6d4b" outcome="Failed" testListId="8c84fa94-04c1-424b-9868-57a2d4851a1d" relativeResultsDirectory="a951b1dd-6060-408d-95a4-4275379e47e3">
      <Output>
        <ErrorInfo>
          <Message>Assert.AreEqual failed. Expected:&lt;0&gt;. Actual:&lt;-2&gt;. </Message>
          <StackTrace>   at UnitTests.UnitTest1.CheckSubtraction() in C:\Users\jmorgan\documents\visual studio 2010\Projects\NUnitTests\UnitTests\UnitTest1.cs:line 22
</StackTrace>
        </ErrorInfo>
      </Output>
    </UnitTestResult>
    <UnitTestResult executionId="4e7758c9-f671-4eff-8344-c33a197def9b" testId="e39e966b-3fb4-7481-d225-9e9dc26a9d7a" testName="CheckDivision" computerName="DEV01JMORG01" duration="00:00:00.0002001" startTime="2015-04-24T14:17:21.5564161-07:00" endTime="2015-04-24T14:17:21.5564161-07:00" testType="13cdc9d9-ddb5-4fa4-a97d-d965ccfc6d4b" outcome="Passed" testListId="8c84fa94-04c1-424b-9868-57a2d4851a1d" relativeResultsDirectory="4e7758c9-f671-4eff-8344-c33a197def9b">
    </UnitTestResult>
    <UnitTestResult executionId="f6e54628-fcad-45ce-a454-d5f373407f0e" testId="f741987b-c5cb-cbe2-b71d-9819c6b91b49" testName="CheckAddition" computerName="DEV01JMORG01" duration="00:00:00.0002527" startTime="2015-04-24T14:17:21.5564161-07:00" endTime="2015-04-24T14:17:21.5664160-07:00" testType="13cdc9d9-ddb5-4fa4-a97d-d965ccfc6d4b" outcome="Passed" testListId="8c84fa94-04c1-424b-9868-57a2d4851a1d" relativeResultsDirectory="f6e54628-fcad-45ce-a454-d5f373407f0e">
    </UnitTestResult>
  </Results>
</TestRun>