<?xml version="1.0" encoding="UTF-8"?>
<TestRun id="b8dbe8b6-fac5-49b1-83f9-d47dc9450c6d" name="jmorgan@DEV01JMORG01 2015-04-24 14:19:24" runUser="EIDPASSPORT\jmorgan" xmlns="http://microsoft.com/schemas/VisualStudio/TeamTest/2010">
  <TestSettings name="Local" id="be5d11af-06aa-4864-b8a1-69492091424a">
    <Description>These are default test settings for a local test run.</Description>
    <Deployment userDeploymentRoot="C:\Users\jmorgan\documents\visual studio 2010\Projects\NUnitTests\TestResults" useDefaultDeploymentRoot="false" enabled="false" runDeploymentRoot="jmorgan_DEV01JMORG01 2015-04-24 14_19_24">
      <DeploymentItem filename="C:\Users\jmorgan\documents\visual studio 2010\Projects\NUnitTests\NUnitTests\bin\Debug\NUnitTests.dll" />
    </Deployment>
    <Execution>
      <TestTypeSpecific />
      <AgentRule name="Execution Agents">
      </AgentRule>
    </Execution>
  </TestSettings>
  <Times creation="2015-04-24T14:19:24.0052601-07:00" queuing="2015-04-24T14:19:24.1852583-07:00" start="2015-04-24T14:19:24.1852583-07:00" finish="2015-04-24T14:19:24.3652565-07:00" />
  <ResultSummary outcome="Failed">
    <Counters total="1" executed="1" error="0" failed="1" timeout="0" aborted="0" inconclusive="0" passedButRunAborted="0" notRunnable="0" notExecuted="0" disconnected="0" warning="0" passed="0" completed="0" inProgress="0" pending="0" />
  </ResultSummary>
  <TestDefinitions>
    <UnitTest name="CheckSubtraction" storage="c:\users\jmorgan\documents\visual studio 2010\projects\nunittests\unittests\bin\debug\unittests.dll" id="4c11abdd-e8e6-b041-f203-e6261fe454f8">
      <Execution id="835bb10b-3069-4716-b440-57342a40bd77" />
      <TestMethod codeBase="C:/Users/jmorgan/documents/visual studio 2010/Projects/NUnitTests/UnitTests/bin/Debug/UnitTests.DLL" adapterTypeName="Microsoft.VisualStudio.TestTools.TestTypes.Unit.UnitTestAdapter, Microsoft.VisualStudio.QualityTools.Tips.UnitTest.Adapter, Version=10.0.0.0, Culture=neutral, PublicKeyToken=b03f5f7f11d50a3a" className="UnitTests.UnitTest1, UnitTests, Version=1.0.0.0, Culture=neutral, PublicKeyToken=null" name="CheckSubtraction" />
    </UnitTest>
  </TestDefinitions>
  <TestLists>
    <TestList name="Results Not in a List" id="8c84fa94-04c1-424b-9868-57a2d4851a1d" />
    <TestList name="All Loaded Results" id="19431567-8539-422a-85d7-44ee4e166bda" />
  </TestLists>
  <TestEntries>
    <TestEntry testId="4c11abdd-e8e6-b041-f203-e6261fe454f8" executionId="835bb10b-3069-4716-b440-57342a40bd77" testListId="8c84fa94-04c1-424b-9868-57a2d4851a1d" />
  </TestEntries>
  <Results>
    <UnitTestResult executionId="835bb10b-3069-4716-b440-57342a40bd77" testId="4c11abdd-e8e6-b041-f203-e6261fe454f8" testName="CheckSubtraction" computerName="DEV01JMORG01" duration="00:00:00.0243553" startTime="2015-04-24T14:19:24.1952582-07:00" endTime="2015-04-24T14:19:24.3452567-07:00" testType="13cdc9d9-ddb5-4fa4-a97d-d965ccfc6d4b" outcome="Failed" testListId="8c84fa94-04c1-424b-9868-57a2d4851a1d" relativeResultsDirectory="835bb10b-3069-4716-b440-57342a40bd77">
      <Output>
        <ErrorInfo>
          <Message>Assert.AreEqual failed. Expected:&lt;0&gt;. Actual:&lt;-2&gt;. </Message>
          <StackTrace>   at UnitTests.UnitTest1.CheckSubtraction() in C:\Users\jmorgan\documents\visual studio 2010\Projects\NUnitTests\UnitTests\UnitTest1.cs:line 22
</StackTrace>
        </ErrorInfo>
      </Output>
    </UnitTestResult>
  </Results>
</TestRun>