<?xml version="1.0" encoding="UTF-8"?>
<TestRun id="f6599378-2e0c-4821-80e8-911bea2e5262" name="jmorgan@DEV01JMORG01 2015-04-24 14:09:27" runUser="EIDPASSPORT\jmorgan" xmlns="http://microsoft.com/schemas/VisualStudio/TeamTest/2010">
  <TestSettings name="Local" id="be5d11af-06aa-4864-b8a1-69492091424a">
    <Description>These are default test settings for a local test run.</Description>
    <Deployment userDeploymentRoot="C:\Users\jmorgan\documents\visual studio 2010\Projects\NUnitTests\TestResults" useDefaultDeploymentRoot="false" enabled="false" runDeploymentRoot="jmorgan_DEV01JMORG01 2015-04-24 14_09_27">
      <DeploymentItem filename="C:\Users\jmorgan\documents\visual studio 2010\Projects\NUnitTests\NUnitTests\bin\Debug\NUnitTests.dll" />
    </Deployment>
    <Execution>
      <TestTypeSpecific />
      <AgentRule name="Execution Agents">
      </AgentRule>
    </Execution>
  </TestSettings>
  <Times creation="2015-04-24T14:09:27.8950731-07:00" queuing="2015-04-24T14:09:28.9350627-07:00" start="2015-04-24T14:09:28.9650624-07:00" finish="2015-04-24T14:09:30.2940492-07:00" />
  <ResultSummary outcome="Completed">
    <Counters total="1" executed="1" passed="1" error="0" failed="0" timeout="0" aborted="0" inconclusive="0" passedButRunAborted="0" notRunnable="0" notExecuted="0" disconnected="0" warning="0" completed="0" inProgress="0" pending="0" />
  </ResultSummary>
  <TestDefinitions>
    <UnitTest name="checkAddition" storage="c:\users\jmorgan\documents\visual studio 2010\projects\nunittests\unittests\bin\debug\unittests.dll" id="37430035-0040-506e-7096-f7895e342819">
      <Execution id="5f929edc-c92c-4ba6-a23c-ff055b68b7fa" />
      <TestMethod codeBase="C:/Users/jmorgan/documents/visual studio 2010/Projects/NUnitTests/UnitTests/bin/Debug/UnitTests.DLL" adapterTypeName="Microsoft.VisualStudio.TestTools.TestTypes.Unit.UnitTestAdapter, Microsoft.VisualStudio.QualityTools.Tips.UnitTest.Adapter, Version=10.0.0.0, Culture=neutral, PublicKeyToken=b03f5f7f11d50a3a" className="UnitTests.UnitTest1, UnitTests, Version=1.0.0.0, Culture=neutral, PublicKeyToken=null" name="checkAddition" />
    </UnitTest>
  </TestDefinitions>
  <TestLists>
    <TestList name="Results Not in a List" id="8c84fa94-04c1-424b-9868-57a2d4851a1d" />
    <TestList name="All Loaded Results" id="19431567-8539-422a-85d7-44ee4e166bda" />
  </TestLists>
  <TestEntries>
    <TestEntry testId="37430035-0040-506e-7096-f7895e342819" executionId="5f929edc-c92c-4ba6-a23c-ff055b68b7fa" testListId="8c84fa94-04c1-424b-9868-57a2d4851a1d" />
  </TestEntries>
  <Results>
    <UnitTestResult executionId="5f929edc-c92c-4ba6-a23c-ff055b68b7fa" testId="37430035-0040-506e-7096-f7895e342819" testName="checkAddition" computerName="DEV01JMORG01" duration="00:00:00.0129829" startTime="2015-04-24T14:09:29.0050620-07:00" endTime="2015-04-24T14:09:30.2340498-07:00" testType="13cdc9d9-ddb5-4fa4-a97d-d965ccfc6d4b" outcome="Passed" testListId="8c84fa94-04c1-424b-9868-57a2d4851a1d" relativeResultsDirectory="5f929edc-c92c-4ba6-a23c-ff055b68b7fa">
    </UnitTestResult>
  </Results>
</TestRun>